<html>
<body>
<pre>
<h1>µVision Build Log</h1>
<h2>Tool Versions:</h2>
IDE-Version: µVision V5.39.0.0
Copyright (C) 2023 ARM Ltd and ARM Germany GmbH. All rights reserved.
License Information: Vu Van, UET, LIC=----
 
Tool Versions:
Toolchain:       MDK-Lite  Version: 5.39.0.0
Toolchain Path:  E:\Keil_v5\ARM\ARM_Compiler_5.06u7\Bin
C Compiler:      Armcc.exe V5.06 update 7 (build 960)
Assembler:       Armasm.exe V5.06 update 7 (build 960)
Linker/Locator:  ArmLink.exe V5.06 update 7 (build 960)
Library Manager: ArmAr.exe V5.06 update 7 (build 960)
Hex Converter:   FromElf.exe V5.06 update 7 (build 960)
CPU DLL:         SARMCM3.DLL V5.39.0.0
Dialog DLL:      DARMCM1.DLL V1.19.6.0
Target DLL:      PEMicro\Pemicro_ArmCortexInterface.dll V1.3.0.0
Dialog DLL:      TARMCM1.DLL V1.14.6.0
 
<h2>Project:</h2>
D:\test\laban.uvprojx
Project File Date:  06/03/2024

<h2>Output:</h2>
*** Using Compiler 'V5.06 update 7 (build 960)', folder: 'E:\Keil_v5\ARM\ARM_Compiler_5.06u7\Bin'
Build target 'Target 1'
compiling lcd.c...
compiling mag3110.c...
compiling fsl_common.c...
compiling system.c...
compiling fsl_ftfx_cache.c...
E:/Arm/Packs/NXP/MKL46Z4_DFP/10.0.3/drivers/fsl_ftfx_controller.h(167): warning:  #66-D: enumeration value is out of "int" range
      kFTFx_SecurityStateNotSecure = 0xc33cc33cU,       /*!< Flash is not secure.*/
E:/Arm/Packs/NXP/MKL46Z4_DFP/10.0.3/drivers/fsl_ftfx_cache.c: 1 warning, 0 errors
compiling fsl_clock.c...
assembling startup_MKL46Z4.s...
compiling main.c...
compiling fsl_ftfx_flexnvm.c...
E:/Arm/Packs/NXP/MKL46Z4_DFP/10.0.3/drivers/fsl_ftfx_controller.h(167): warning:  #66-D: enumeration value is out of "int" range
      kFTFx_SecurityStateNotSecure = 0xc33cc33cU,       /*!< Flash is not secure.*/
E:/Arm/Packs/NXP/MKL46Z4_DFP/10.0.3/drivers/fsl_ftfx_flexnvm.c: 1 warning, 0 errors
compiling fsl_ftfx_controller.c...
E:/Arm/Packs/NXP/MKL46Z4_DFP/10.0.3/drivers/fsl_ftfx_controller.h(167): warning:  #66-D: enumeration value is out of "int" range
      kFTFx_SecurityStateNotSecure = 0xc33cc33cU,       /*!< Flash is not secure.*/
E:/Arm/Packs/NXP/MKL46Z4_DFP/10.0.3/drivers/fsl_ftfx_controller.c: 1 warning, 0 errors
compiling system_MKL46Z4.c...
compiling fsl_ftfx_flash.c...
E:/Arm/Packs/NXP/MKL46Z4_DFP/10.0.3/drivers/fsl_ftfx_controller.h(167): warning:  #66-D: enumeration value is out of "int" range
      kFTFx_SecurityStateNotSecure = 0xc33cc33cU,       /*!< Flash is not secure.*/
E:/Arm/Packs/NXP/MKL46Z4_DFP/10.0.3/drivers/fsl_ftfx_flash.c: 1 warning, 0 errors
compiling fsl_i2c.c...
linking...
Program Size: Code=7500 RO-data=596 RW-data=84 ZI-data=2144  
".\Objects\laban.axf" - 0 Error(s), 4 Warning(s).

<h2>Software Packages used:</h2>

Package Vendor: ARM
                http://www.keil.com/pack/ARM.CMSIS.5.9.0.pack
                ARM::CMSIS@5.9.0
                CMSIS (Common Microcontroller Software Interface Standard)
   * Component: CORE Version: 5.6.0

Package Vendor: NXP
                http://mcuxpresso.nxp.com/cmsis_pack/repo/NXP.MKL46Z4_DFP.10.0.3.pack
                NXP::MKL46Z4_DFP@10.0.3
                Device Family Pack for MKL46Z4
   * Component: clock Version: 2.1.0
   * Component: common Version: 2.0.0
   * Component: flash Version: 3.0.0
   * Component: i2c Version: 2.0.5
   * Component: Startup Version: 1.0.0

<h2>Collection of Component include folders:</h2>
  ./RTE/Device/MKL46Z256VLL4
  ./RTE/_Target_1
  E:/Arm/Packs/ARM/CMSIS/5.9.0/CMSIS/Core/Include
  E:/Arm/Packs/NXP/MKL46Z4_DFP/10.0.3/drivers

<h2>Collection of Component Files used:</h2>

   * Component: ARM::CMSIS:CORE@5.6.0

   * Component: NXP::Device:SDK Drivers:clock@2.1.0
      Include file:  drivers/fsl_clock.h
      Source file:   drivers/fsl_clock.c

   * Component: NXP::Device:SDK Drivers:common@2.0.0
      Source file:   drivers/fsl_common.c
      Include file:  drivers/fsl_common.h

   * Component: NXP::Device:SDK Drivers:flash@3.0.0
      Source file:   drivers/fsl_ftfx_controller.c
      Include file:  drivers/fsl_flash.h
      Include file:  drivers/fsl_ftfx_features.h
      Include file:  drivers/fsl_ftfx_cache.h
      Source file:   drivers/fsl_ftfx_flexnvm.c
      Source file:   drivers/fsl_ftfx_cache.c
      Include file:  drivers/fsl_ftfx_controller.h
      Include file:  drivers/fsl_ftfx_adapter.h
      Include file:  drivers/fsl_ftfx_flash.h
      Source file:   drivers/fsl_ftfx_flash.c
      Include file:  drivers/fsl_ftfx_flexnvm.h
      Include file:  drivers/fsl_ftfx_utilities.h

   * Component: NXP::Device:SDK Drivers:i2c@2.0.5
      Include file:  drivers/fsl_i2c.h
      Source file:   drivers/fsl_i2c.c

   * Component: NXP::Device:Startup@1.0.0
      Source file:   arm/startup_MKL46Z4.s
      Include file:  MKL46Z4_features.h
      Source file:   system_MKL46Z4.c
      Include file:  fsl_device_registers.h
      Include file:  MKL46Z4.h
      Include file:  system_MKL46Z4.h
Build Time Elapsed:  00:00:02
</pre>
</body>
</html>
